{
    "producer": "golden",
    "title": "Golden",
    "description": "Golden is on a mission to map human knowledge. Our vision is to create a knowledge graph protocol that maps 10 billion entities and the public knowledge surrounding them.",
    "image": "data:image/png;base64,iVBORw0KGgoAAAANSUhEUgAAAdoAAABqCAMAAAAsh2BcAAAAsVBMVEX////wtTRTU1NKSkpJSUlPT09CQkK0tLRGRkaWlpagoKD7+/tjY2OcnJykpKR4eHiqqqrOzs7s7Ox/f3/vsiaIiIjvsBvvsiP32aLvrxD77dPW1tb+/PbDw8NdXV1paWne3t7zxWr99+twcHDy8vLxuUDxu0f658b88uCOjo710Iv0yXfk5OT547z1zYPywV3426i7u7vyvlL0x2/43rD21Jb0ynr879n55L43NzcxMTG7KtAUAAAO1ElEQVR4nO1de0P6Og8e7MIQFNG5MQQEFES8oAjqeb//B3vXdhu7JG13Ezxnzz/n/Jgp2542SdMkKEoGrF4Hb7PtotFoLJab57f963CeRbzGSWL0uF66tmNZjRCW5diuPRsMj31vNfJjtNu4ToTUGCzbfv459h3WyIXhs+sgtIbsOuvVsW+zRla8LmxsvcbYdWffx77VGlmwa9gSvPrkftZO1Z/B41KaWEbu4Nh3XEMK85mbhVgCZ1sv3D+AHeoTc8l9PPZ91xBgtMmkiw9w34996zW4GDbyLFnG7f7YN1+Dg/fMVjYCu3amThdvOZVxsG5fj/0ANRDMBMEn8bqtQ1OniU1uMxti4Q1TnwqdHLbFmW1Yb95Am9GxH6VGDCWsWQ/ut6I8WjW3p4TPUphtNLbeWMvFsZ+mxgHrYr7xAfaPory6m2M/T40Ar0X2s3EsveEs5+vYT1SD4bs8Zhv20NMBlr079jPVoCiPWM9Jfvamit1w6y3uKeCrJBeKwR6xuXLsp6rhbVZKVMcenB+ikdkWt8ZxUSqxnkb2XKhHz+F262TWY+NNQh1bIWTIVZQR2Uvl391ejdu9SVNvTnrt8VVe0fPxg/jPx+3z8/N2P9NXdIhMAmcXrf6LjHAfEI6jDY1zSa9wH4iO3B5HPlnx1bHl2HZj+7ne7weD/f5ttm24toBgd64oS++/Ts7D+Y97w1T1JoGuaka31cknaho9IWdnhqqqxmWm++v8owLQTEO/HguFLw1IOArjFhDrmd4V80Y4snEe+YQTYLQcd/G2+06EDefD9+cGL5GV5NJQVeDkCTh+NE3GTQBdUyVffVrUnAjIvVC9P5Md30fHaCLQTfVCMA8vVUw4gAlSSx/M4D0NHVk9O3wwRBetY8926CHO6n3romUFA5JgRf4ne97F1Z0JPe1EQtnBokaP+67LpZaMpX5whQtR29Q5D5OidovQ4253gjU3HyC5ysSPGtJLdtZl2w+Xna6ZZqBbvX8ZQlWXENXCf6lTjlQBavU4DpPpmifMqNU5gBUyG199EowcoXYIsmO5X1IRh8cNuOZnHu92sH6z4MMImJw8tcb9cesmVLFGK6Po08TwFwhPjeWntnsdRe+u6Vl5f+HeidaW3rvG0ZsCYr3gNUC8R0aOUDsDtKrlvkmfpg+hBMil5yKzhA1LdhyKsb8cjKdp+Nnttc8Zf91Coi9tQxe9j9zUqufJjx/6bVVjd3GHC1MCDAnfPY5eqIT4Ix+onQOrzp5lihE+LlJpN2TXw6aMnSU7ecro0e7ihvW26RPE2QYholf3mkA0P7Vt6NIluw8Vd2UZtRl3dBFq4e8NRz5Qu08tWsvKXFg5SM0PJYyDzOSH6firM3XvnTtmn7q4rI6IKk8mX7RkapUXNg9xFVOUWlwFJahNMWt/Zv1SD6ullaJ2wf7PlXekzimB5hlw6Y4+mIn6nhzRG3YJs9RlU6s8+BxgwoWpRYeOU/uYNJRuzrO4RJarElLrSA/4QHWZDrqXHZ1rZ3ii/rRQEdHSqfVtAzoNC1HLHiVl5SMjh9SmYozEyu7yxH53UaVMTuMXWTUy2xVosHPZ574vJmrCoi9MFNGQ5VOrnKk8T6oItTpTQcYUHzmkNs6stSDac7bO+rUU0V0USZ8JNbzsABM6Iy+Qq+zRkPfFF72hoj34YgXUdqh5N5AgSxFqzdtrum4n+MgBtfFNrUUy1uaLvEH9VegoW8ReB7PGltQBVwbXlZ1yLgtEb9mrhi9WQK3SJmNqiHUvRG2fTRsNciri1A6sJLMrK/9RXMgtiS+OglkjG7UYm/h8JOiSZ9NAjSwSpZfNKXitCmrpXEIsf0Fq/f07qBJi1M6ii5Zo45VjZditJBEoAeI6rUJqJQek71jH42iXZIcK7xdFovd0VsDGtgpq2VxCHNmC1PqWCdrMxaiN6mNr7mlji6aI58arHergx1A9O3Ky1CKqeDRxqk88gMaWimIKUPEVJGKKK6GWOuVIxKkotWw3YAJ3HKV2FaHWffSUqO8B5QfzuMle9qDrJY8I7oN7zw4mischWxq+qiuhls4lxAIUpVb5wLy0KLU/hwihQ47fNlbDKVhGSbc8ZO9ziE3bcnqAerngeZYQTYEotcWIi1wJtXQuIdO0MLVsJgObhSi1ES+KsDGwcx6eR0DMLc13OwwtOVuavB0DH9zNhkKO+/CNUyXU0rmEGPfi1PoqOWWAotQeclRJXSxJpCniRDE8WzSj8fug6y25NBrGT+YTEQL2qPjbuuV40JVQS78QMf7FqVVaJrjZi1K7Cd8+iVJs5WngwLPfxLhGjh0suRAI46cAtbjoC8djrYTaqYkPWgK1zE3T76GRfWoPOnPke7ey8QUOZhbxxBaNA7Vy5T/5qWUn40iYkYCFGuEAdCXU0i9EXPIyqL0CVXKU2nDrSXyoRuDbFsQrOWGIhrksqbMkxg8SQZYR5VDL3gR8QFAJtVcVU6tcmsBCiFLrRhYtTVPLmBQBYk6mR7TSRM5+M37UfxO1YDSwUJbFwenuAnHxCLUjn1rq0foaNOs3AvgKEqMCSG2VC1Dre4z4HzBqNfBaJdQ+iKjVn9ow0LhLgtoX4CQMoJa4x/7BbRnV7Cta8ZOPWl4uJooHDnMUp0dtU4ezy/Ec8gS1yoWWUskAtWRP+2yVtmqTizaLrY1T+3F9kwIg+hepRaBLU6tMUio5bWvJ0Yyffygb7xXgObZo5TxkiNoLM5miq0Ju7n+TWqaSozlYaWoj+phW6xRGIrVZrhgTpBZ4C4CoJLW/uPmRUMgwNHlqlTOqkrWDSo5S64RKODCOJexrY3taSq1UdUj11P5iNErsRgGmhuAavZE0tSzqHjkWjlK7DE3hMqChhMa360S+lVziG+QhX8SK2gTUCj1kOF/1j25+CKYJlRyllp7OUFMb5qwVjiGnS+zlemBD1I6jW4TzLkat3L72N48HKg9ZMLAU3VDTRaml64vk9x+sY+b6qyTmqVICuZac4mgUy/hCRYXU/uKhXtWBxgB0soeZJ1FqaQTKngehKLrEiv4m0zLJrOxsEcaQRdRyjgeMJpqr9CePBwLcMpXcj4zsU0sXqxM/pynYpg2ow5YMg7C7zEOtcFbQN/2bWRYVH+od0GYeSOcwsk8tNbEkbBwJ+RZr9wQ0eiRtpGRAXXneI4uoFZzXIlRUcxRPHgbOviyXWlYm5RfdxtLe6LtXIge38kyA+ARaZcs63fQmeVkWLJUPuqIJRGmWxW+mvbVUiAeGUqn1qypYhVeMWpKlRvRltDK+wLIFm6BLpkYp1AHm5UaxlCDIWRKlVbFFBOvHCtPe4Bsql1rlSQ03DjFqXx0WQY41PchrbUdwq2zZwpCeIC2REQgqZFFGI31m5Hol1N5XmKyavBdW4dVWEtSSwmmyamNurZ0vqXG+gLuWyO6UWR4y5x3T02cw7vAkEG3T1zIFr1VCLdtvwtdKpjZQydNkOdeW2dp4q5JcWY2pcs6MptYPwOHV5GwHA173Y3eoKC/juwpqXzghktKp9QuIJ0lqBxb1kDdxNnKo5DXWokj6N0T6gsKdDw3lgImiTR78hjHwxSqopWnI3CrYMqntsOLVswS1nkYma3QWp8PJ2u5pvsR/RUZ2jAe8TomC2a8pLor6UX3OtrYSaru8QojSqQ0rvFoxaj1VTKJRyQpqN1tMKt3L4qAB5GcJVZvoC3vhLT2WKYQpc66DVgG1t9zAZ/nUsh2/fpeg9tUhMeRB0gPKUok5THegyaGPfTWGRh5YtR1CQYu3s/WjccibroBaNtEw018BtQ/MING5HzlvcsiZ22uKHGluBb91u5S/eVYVnEqcZmDZmdjpgX/YCx/b0SdGSzTLp7bN5hm3T0y51Ibt0OLUru11rIwj5FbKs51/oY0aKeSblCghfZBe/UDKXOKiYPXtPWv2g73L0qltsxmKNgWrgtpIf5oItXN3GSlhj6rSmXAPNJzxic3QyIKiy1oIpRcYa7SFLGiKCSL6wFpOaYi7Wjq1D0EPsikmXAm1DyZArfJGUsKhHpyWveeROx8seI1z2RDZOp5csRtMt2xjn+ucYyGWSJESHbP+nTq+pyqV2s6l31ES7GDFUAm1foVXgtq5O0wnvfjMOGvEC+K1zI0ga50J83iaunFzsFT9G7/Roskt0AREHz66/gNzToXK69H4Mr4J+n1qnN6q5SXQxHCvp6lV3tacWJK7WD/G+Rl97/iNrnMvWoUcv/m9v0y1d37Zumz3zPATQemtz20o+nRnaEE7c44oS62bdHGkzQDz2mIyk6ZhhG16TV7XXJbRyPm+LugNiqj1NV6c2hGJKuD7F8t2G5uv/eD9/X2w/9o0XNuR/emYHNk402aQxairqqaG/ZC1rlCFxUQ9yYMob4lAWZMxAMqc2+raUxy4NlYkWl3r4OZdRG2gkuPJdoPvZFZ4mt8sPyoRwMnz++KdQP/G3xbqBolFOWF8RYJaIPbJo1Y3J/ymDeIu5vmoDRoWxufVO66RiyBnAdHtXYIh1biW7IMAiPYEoqVSq6tGV9RtvTJqWbwuQS3xlcpnNn9vsdsn1dBUVgmiGc3zDA0uEqLg76rEcGZofJjpN935B/xDw7w7mwrv8EL0hRpYLXr/j2EY/+M26LkkIwP6LRVrLIrsPlQU01a7d3933zv/yNy4JBRtyYjetkQAUpwugT8b91+kygzFXwgGZjoU3JE7VDhtDkacQHAu1L9OfDJI9zMvhPqHME8Ho1KpdQu2FqtRJnYlOsl29t9uqlEhkB9zygGnSDJzjfIh+N1EeRTvGVejZLyXo5LzpM3VqBiCcKMcnHrNniLgAoBMsOvfET9JjJASAHm4ec4EavwCCnJryXU3qHEMIEVZcrA3ZTQnqlEVPnP7yXatjE8cnGIA/pKtw8Ynj29ePQACp1FHjf8E9nJ5bQdis/5yeI2jQVQWkFixg+Ldz2v8GlZvtpRattxtrYr/GkbvS9HStewGloVe47SxGmxdzOxajrvcl9GJtcaRMHrczyzXdhzrAMe2nc3+pzaw/wKMvn92+7fnz9ls9vm1HuyGddSpRo0aNUrD/wFfWy2dIyurzAAAAABJRU5ErkJggg==",
    "url": "https://golden.com/home",
    "authorization": [
        {
            "authtype": "API Key",
            "authattributes": [
                {
                    "key": "key",
                    "displayname": "Key"
                },
                {
                    "key": "value",
                    "displayname": "Value"
                }
            ]
        }
    ],
    "partner": "services",
    "account": "services",
    "isPromoted": false,
    "id": 500
}